// Vitest Snapshot v1, https://vitest.dev/guide/snapshot.html

exports[`Loading > renders correctly with children 1`] = `
<div>
  <div
    class="loading loading-lg undefined"
    data-testid="loading-ui-component"
  >
    Loading...
  </div>
</div>
`;
