// Vitest Snapshot v1, https://vitest.dev/guide/snapshot.html

exports[`EntryCard > renders correctly and matches snapshot 1`] = `
<div>
  <div
    class="card relative bg-white text-primary-content shadow-md"
    data-testid="entryCard"
  >
    <div
      class="card-body text-black"
    >
      <div
        class="absolute right-4 top-4 ml-auto h-2 w-2 rounded"
        style="background-color: rgb(255, 0, 0);"
      />
      <h2
        class="card-title overflow-hidden"
      >
        This is a test entry
      </h2>
      <div
        class="flex justify-between"
      >
        <div
          class="flex flex-col 2xl:flex-row"
        >
          <small
            class="flex items-center text-[12px] 2xl:mr-3"
          >
            <svg
              fill="currentColor"
              height="1em"
              stroke="currentColor"
              stroke-width="0"
              viewBox="0 0 512 512"
              width="1em"
              xmlns="http://www.w3.org/2000/svg"
            >
              <path
                d="M416 221.25V416a48 48 0 0 1-48 48H144a48 48 0 0 1-48-48V96a48 48 0 0 1 48-48h98.75a32 32 0 0 1 22.62 9.37l141.26 141.26a32 32 0 0 1 9.37 22.62z"
                fill="none"
                stroke-linejoin="round"
                stroke-width="32"
              />
              <path
                d="M256 56v120a32 32 0 0 0 32 32h120m-232 80h160m-160 80h160"
                fill="none"
                stroke-linecap="round"
                stroke-linejoin="round"
                stroke-width="32"
              />
            </svg>
             
            <span
              class="pl-1"
            >
              2023-01-01
            </span>
          </small>
          <small
            class="flex items-center text-[12px]"
          >
            <svg
              fill="none"
              height="1em"
              stroke="currentColor"
              stroke-linecap="round"
              stroke-linejoin="round"
              stroke-width="2"
              viewBox="0 0 24 24"
              width="1em"
              xmlns="http://www.w3.org/2000/svg"
            >
              <path
                d="M11 4H4a2 2 0 0 0-2 2v14a2 2 0 0 0 2 2h14a2 2 0 0 0 2-2v-7"
              />
              <path
                d="M18.5 2.5a2.121 2.121 0 0 1 3 3L12 15l-4 1 1-4 9.5-9.5z"
              />
            </svg>
             
            <span
              class="pl-1"
            >
              2023-01-02
            </span>
          </small>
        </div>
        <button
          aria-label="Open context menu"
          data-testid="entryCard-edit-button"
        >
          <svg
            fill="currentColor"
            height="1em"
            stroke="currentColor"
            stroke-width="0"
            viewBox="0 0 16 16"
            width="1em"
            xmlns="http://www.w3.org/2000/svg"
          >
            <path
              d="M9.5 13a1.5 1.5 0 1 1-3 0 1.5 1.5 0 0 1 3 0m0-5a1.5 1.5 0 1 1-3 0 1.5 1.5 0 0 1 3 0m0-5a1.5 1.5 0 1 1-3 0 1.5 1.5 0 0 1 3 0"
            />
          </svg>
        </button>
      </div>
    </div>
  </div>
</div>
`;
